BL51 BANKED LINKER/LOCATER V6.22                                                        04/24/2022  01:49:45  PAGE 1


BL51 BANKED LINKER/LOCATER V6.22, INVOKED BY:
E:\KEILC51\C51\BIN\BL51.EXE ..\Obj\Bsp_led.obj, ..\Obj\main.obj, ..\Obj\Bsp_key.obj, ..\Obj\Bsp_lcd.obj, ..\Obj\Bsp_adc.
>> obj, ..\Obj\Bsp_relay.obj, ..\Obj\Bsp_uart.obj, ..\Obj\Bsp_lap.obj TO ..\Obj\test PRINT (.\test.m51) RAMSIZE (256)


MEMORY MODEL: LARGE WITH FLOATING POINT ARITHMETIC


INPUT MODULES INCLUDED:
  ..\Obj\Bsp_led.obj (BSP_LED)
  ..\Obj\main.obj (MAIN)
  ..\Obj\Bsp_key.obj (BSP_KEY)
  ..\Obj\Bsp_lcd.obj (BSP_LCD)
  ..\Obj\Bsp_adc.obj (BSP_ADC)
  ..\Obj\Bsp_relay.obj (BSP_RELAY)
  ..\Obj\Bsp_uart.obj (BSP_UART)
  ..\Obj\Bsp_lap.obj (BSP_LAP)
  E:\KEILC51\C51\LIB\C51FPL.LIB (?C?FPADD)
  E:\KEILC51\C51\LIB\C51FPL.LIB (?C?FPMUL)
  E:\KEILC51\C51\LIB\C51FPL.LIB (?C?FPDIV)
  E:\KEILC51\C51\LIB\C51FPL.LIB (?C?FPCMP)
  E:\KEILC51\C51\LIB\C51FPL.LIB (?C?FCAST)
  E:\KEILC51\C51\LIB\C51FPL.LIB (PRINTF)
  E:\KEILC51\C51\LIB\C51FPL.LIB (ATOF)
  E:\KEILC51\C51\LIB\C51FPL.LIB (POW)
  E:\KEILC51\C51\LIB\C51FPL.LIB (?C?FPGETOPN)
  E:\KEILC51\C51\LIB\C51FPL.LIB (?C?CHKFLOAT)
  E:\KEILC51\C51\LIB\C51FPL.LIB (?C?FPNEG)
  E:\KEILC51\C51\LIB\C51FPL.LIB (?C?CASTF)
  E:\KEILC51\C51\LIB\C51FPL.LIB (?C?FPROUND)
  E:\KEILC51\C51\LIB\C51FPL.LIB (?C?FPCONVERT)
  E:\KEILC51\C51\LIB\C51FPL.LIB (?C?ATOF)
  E:\KEILC51\C51\LIB\C51FPL.LIB (EXP)
  E:\KEILC51\C51\LIB\C51FPL.LIB (LOG)
  E:\KEILC51\C51\LIB\C51FPL.LIB (?C?FTNPWR)
  E:\KEILC51\C51\LIB\C51FPL.LIB (?C?FPSERIES)
  E:\KEILC51\C51\LIB\C51L.LIB (?C_STARTUP)
  E:\KEILC51\C51\LIB\C51L.LIB (?C?COPY)
  E:\KEILC51\C51\LIB\C51L.LIB (?C?CLDPTR)
  E:\KEILC51\C51\LIB\C51L.LIB (?C?CLDOPTR)
  E:\KEILC51\C51\LIB\C51L.LIB (?C?CSTPTR)
  E:\KEILC51\C51\LIB\C51L.LIB (?C?UIDIV)
  E:\KEILC51\C51\LIB\C51L.LIB (?C?IILDX)
  E:\KEILC51\C51\LIB\C51L.LIB (?C?ILDIX)
  E:\KEILC51\C51\LIB\C51L.LIB (?C?ILDPTR)
  E:\KEILC51\C51\LIB\C51L.LIB (?C?LNEG)
  E:\KEILC51\C51\LIB\C51L.LIB (?C?LLDCODE)
  E:\KEILC51\C51\LIB\C51L.LIB (?C?LLDXDATA0)
  E:\KEILC51\C51\LIB\C51L.LIB (?C?LLDCODE0)
  E:\KEILC51\C51\LIB\C51L.LIB (?C?LSTXDATA)
  E:\KEILC51\C51\LIB\C51L.LIB (?C?LSTKXDATA)
  E:\KEILC51\C51\LIB\C51L.LIB (?C?PLDIXDATA)
  E:\KEILC51\C51\LIB\C51L.LIB (?C?PSTXDATA)
  E:\KEILC51\C51\LIB\C51L.LIB (?C?PLDOPTR)
  E:\KEILC51\C51\LIB\C51L.LIB (?C?PSTOPTR)
  E:\KEILC51\C51\LIB\C51L.LIB (?C?CCASE)
  E:\KEILC51\C51\LIB\C51L.LIB (?C?ICASE)
  E:\KEILC51\C51\LIB\C51L.LIB (?C?ICALL)
BL51 BANKED LINKER/LOCATER V6.22                                                      04/24/2022  01:49:45  PAGE 2


  E:\KEILC51\C51\LIB\C51L.LIB (ISSPACE)
  E:\KEILC51\C51\LIB\C51L.LIB (?C_INIT)
  E:\KEILC51\C51\LIB\C51L.LIB (?C?PLDIDATA)
  E:\KEILC51\C51\LIB\C51L.LIB (?C?PSTIDATA)
  E:\KEILC51\C51\LIB\C51L.LIB (?C?PLDXDATA)
  E:\KEILC51\C51\LIB\C51L.LIB (?C?PLDPDATA)
  E:\KEILC51\C51\LIB\C51L.LIB (?C?PSTPDATA)
  E:\KEILC51\C51\LIB\C51L.LIB (?C?PLDCODE)


LINK MAP OF MODULE:  ..\Obj\test (BSP_LED)


            TYPE    BASE      LENGTH    RELOCATION   SEGMENT NAME
            -----------------------------------------------------

            * * * * * * *   D A T A   M E M O R Y   * * * * * * *
            REG     0000H     0008H     ABSOLUTE     "REG BANK 0"
            DATA    0008H     0005H     UNIT         _DATA_GROUP_
                    000DH     0013H                  *** GAP ***
            BIT     0020H.0   0001H.1   UNIT         _BIT_GROUP_
            BIT     0021H.1   0000H.1   UNIT         ?BI?THREAD_FOUR?MAIN
                    0021H.2   0000H.6                *** GAP ***
            IDATA   0022H     0001H     UNIT         ?STACK

            * * * * * * *  X D A T A   M E M O R Y  * * * * * * *
            XDATA   0000H     007DH     UNIT         ?XD?REGISTER_THREADS?MAIN
            XDATA   007DH     0078H     UNIT         ?XD?MAIN
            XDATA   00F5H     0030H     UNIT         _XDATA_GROUP_
            XDATA   0125H     0014H     UNIT         ?XD?BSP_LAP
            XDATA   0139H     000EH     UNIT         ?XD?BSP_LCD
            XDATA   0147H     0007H     UNIT         ?XD?_DIS_STR?BSP_LCD
            XDATA   014EH     0006H     UNIT         ?XD?_DIS_LINE?BSP_LCD
            XDATA   0154H     0005H     UNIT         ?XD?BSP_LED
            XDATA   0159H     0005H     UNIT         ?XD?_THREAD_INDEX?MAIN
            XDATA   015EH     0005H     UNIT         ?XD?BSP_KEY
            XDATA   0163H     0005H     UNIT         ?XD?_DIS_CHAR?BSP_LCD
            XDATA   0168H     0005H     UNIT         ?XD?BSP_ADC
            XDATA   016DH     0005H     UNIT         ?XD?BSP_RELAY
            XDATA   0172H     0004H     UNIT         ?XD?_LED_CTL?BSP_LED
            XDATA   0176H     0004H     UNIT         ?XD?AVG_AD_VTEMP?MAIN
            XDATA   017AH     0004H     UNIT         ?XD?_DELAY?MAIN
            XDATA   017EH     0004H     UNIT         ?XD?_KEY_READ?BSP_KEY
            XDATA   0182H     0004H     UNIT         ?XD?_LCD_DELAY?BSP_LCD
            XDATA   0186H     0004H     UNIT         ?XD?_RELAY_CTL?BSP_RELAY
            XDATA   018AH     0004H     UNIT         ?XD?_IAP_INT_PROGRAM?BSP_LAP
            XDATA   018EH     0004H     UNIT         ?XD?_IAP_INT_READ?BSP_LAP
            XDATA   0192H     0003H     UNIT         ?XD?MAIN?MAIN
            XDATA   0195H     0003H     UNIT         ?XD?_THREAD_LIST?MAIN
            XDATA   0198H     0003H     UNIT         ?XD?_ADC_GET?BSP_ADC
            XDATA   019BH     0003H     UNIT         ?XD?_IAPREAD?BSP_LAP
            XDATA   019EH     0003H     UNIT         ?XD?_IAPPROGRAM?BSP_LAP
            XDATA   01A1H     0002H     UNIT         ?XD?_LCD_WRITE?BSP_LCD
            XDATA   01A3H     0002H     UNIT         ?XD?BSP_UART
            XDATA   01A5H     0002H     UNIT         ?XD?_IAPERASE?BSP_LAP
            XDATA   01A7H     0002H     UNIT         ?XD?_IAP_INT_ERASE?BSP_LAP
            XDATA   01A9H     0001H     UNIT         ?XD?THREAD_ONE?MAIN
BL51 BANKED LINKER/LOCATER V6.22                                                      04/24/2022  01:49:45  PAGE 3


            XDATA   01AAH     0001H     UNIT         ?XD?THREAD_TWO?MAIN
            XDATA   01ABH     0001H     UNIT         ?XD?THREAD_THREE?MAIN
            XDATA   01ACH     0001H     UNIT         ?XD?THREAD_FOUR?MAIN
            XDATA   01ADH     0001H     UNIT         ?XD?_U1SEND_C?BSP_UART
            XDATA   01AEH     0001H     UNIT         ?XD?_PUTCHAR?BSP_UART

            * * * * * * *   C O D E   M E M O R Y   * * * * * * *
            CODE    0000H     0003H     ABSOLUTE     
            CODE    0003H     0003H     ABSOLUTE     
            CODE    0006H     000AH     UNIT         ?PR?TIMER2INIT?MAIN
                    0010H     0003H                  *** GAP ***
            CODE    0013H     0003H     ABSOLUTE     
            CODE    0016H     004DH     UNIT         ?PR?_IAP_INT_ERASE?BSP_LAP
            CODE    0063H     0003H     ABSOLUTE     
            CODE    0066H     09A0H     UNIT         ?C?LIB_CODE
            CODE    0A06H     0966H     UNIT         ?PR?THREAD_FOUR?MAIN
            CODE    136CH     0592H     UNIT         ?PR?THREAD_ONE?MAIN
            CODE    18FEH     0592H     UNIT         ?PR?THREAD_TWO?MAIN
            CODE    1E90H     0592H     UNIT         ?PR?THREAD_THREE?MAIN
            CODE    2422H     0483H     UNIT         ?PR?PRINTF?PRINTF
            CODE    28A5H     0197H     UNIT         ?CO?MAIN
            CODE    2A3CH     0166H     UNIT         ?PR?_POW?POW
            CODE    2BA2H     012EH     UNIT         ?PR?AVG_AD_VTEMP?MAIN
            CODE    2CD0H     0129H     UNIT         ?PR?LOG?LOG
            CODE    2DF9H     00EBH     UNIT         ?PR?MAIN?MAIN
            CODE    2EE4H     00E7H     UNIT         ?PR?REGISTER_THREADS?MAIN
            CODE    2FCBH     00E6H     UNIT         ?PR??C?ATOF??C?ATOF
            CODE    30B1H     00E3H     UNIT         ?PR?_IAP_INT_READ?BSP_LAP
            CODE    3194H     00C2H     UNIT         ?PR?_DIS_STR?BSP_LCD
            CODE    3256H     00BDH     UNIT         ?PR?_DIS_LINE?BSP_LCD
            CODE    3313H     00B6H     UNIT         ?C_INITSEG
            CODE    33C9H     00B1H     UNIT         ?PR?_IAP_INT_PROGRAM?BSP_LAP
            CODE    347AH     00AEH     UNIT         ?PR?LCD_INIT?BSP_LCD
            CODE    3528H     009AH     UNIT         ?PR?EXP?EXP
            CODE    35C2H     0098H     UNIT         ?PR?INT0_ISR?MAIN
            CODE    365AH     0094H     UNIT         ?PR?_DIS_CHAR?BSP_LCD
            CODE    36EEH     008CH     UNIT         ?C_C51STARTUP
            CODE    377AH     0088H     UNIT         ?PR?INT1_ISR?MAIN
            CODE    3802H     0085H     UNIT         ?PR?_KEY_READ?BSP_KEY
            CODE    3887H     0083H     UNIT         ?PR?OS_INIT?MAIN
            CODE    390AH     0083H     UNIT         ?PR?_THREAD_INDEX?MAIN
            CODE    398DH     0081H     UNIT         ?PR?_LED_CTL?BSP_LED
            CODE    3A0EH     007CH     UNIT         ?PR?TM2_ISR?MAIN
            CODE    3A8AH     006FH     UNIT         ?PR?_ADC_GET?BSP_ADC
            CODE    3AF9H     006DH     UNIT         ?PR?_LCD_WRITE?BSP_LCD
            CODE    3B66H     004BH     UNIT         ?PR?_DELAY?MAIN
            CODE    3BB1H     004BH     UNIT         ?PR?_LCD_DELAY?BSP_LCD
            CODE    3BFCH     0049H     UNIT         ?PR?ATOF?ATOF
            CODE    3C45H     0047H     UNIT         ?PR?_THREAD_LIST?MAIN
            CODE    3C8CH     0042H     UNIT         ?PR?_IAPPROGRAM?BSP_LAP
            CODE    3CCEH     0041H     UNIT         ?PR?_RELAY_CTL?BSP_RELAY
            CODE    3D0FH     0041H     UNIT         ?PR?_IAPREAD?BSP_LAP
            CODE    3D50H     0038H     UNIT         ?PR?THREAD_FIVE?MAIN
            CODE    3D88H     0036H     UNIT         ?PR?_IAPERASE?BSP_LAP
            CODE    3DBEH     0017H     UNIT         ?PR?UART1_INIT?BSP_UART
            CODE    3DD5H     0014H     UNIT         ?PR?_ISSPACE?ISSPACE
            CODE    3DE9H     0013H     UNIT         ?PR?KEY_INIT?BSP_KEY
BL51 BANKED LINKER/LOCATER V6.22                                                      04/24/2022  01:49:45  PAGE 4


            CODE    3DFCH     0013H     UNIT         ?PR?_PUTCHAR?BSP_UART
            CODE    3E0FH     0012H     UNIT         ?PR?_U1SEND_C?BSP_UART
            CODE    3E21H     0010H     UNIT         ?PR?ADC_INIT?BSP_ADC
            CODE    3E31H     0010H     UNIT         ?PR?IAPIDLE?BSP_LAP
            CODE    3E41H     0009H     UNIT         ?PR?RELAY_INIT?BSP_RELAY
            CODE    3E4AH     0007H     UNIT         ?PR?LED_INIT?BSP_LED



OVERLAY MAP OF MODULE:   ..\Obj\test (BSP_LED)


SEGMENT                                 BIT_GROUP          DATA_GROUP          XDATA_GROUP
  +--> CALLED SEGMENT                START    LENGTH     START    LENGTH     START    LENGTH
--------------------------------------------------------------------------------------------
?C_C51STARTUP                        -----    -----      -----    -----      -----    -----
  +--> ?PR?MAIN?MAIN
  +--> ?C_INITSEG

?PR?MAIN?MAIN                        -----    -----      -----    -----      -----    -----
  +--> ?PR?OS_INIT?MAIN
  +--> ?CO?MAIN
  +--> ?PR?PRINTF?PRINTF
  +--> ?PR?_THREAD_INDEX?MAIN

?PR?OS_INIT?MAIN                     -----    -----      -----    -----      -----    -----
  +--> ?PR?LED_INIT?BSP_LED
  +--> ?PR?KEY_INIT?BSP_KEY
  +--> ?PR?RELAY_INIT?BSP_RELAY
  +--> ?PR?LCD_INIT?BSP_LCD
  +--> ?PR?ADC_INIT?BSP_ADC
  +--> ?PR?UART1_INIT?BSP_UART
  +--> ?PR?TIMER2INIT?MAIN
  +--> ?CO?MAIN
  +--> ?PR?_DELAY?MAIN
  +--> ?PR?REGISTER_THREADS?MAIN

?PR?LCD_INIT?BSP_LCD                 -----    -----      -----    -----      -----    -----
  +--> ?PR?_LCD_DELAY?BSP_LCD

?CO?MAIN                             -----    -----      -----    -----      -----    -----
  +--> ?PR?THREAD_FIVE?MAIN
  +--> ?PR?THREAD_FOUR?MAIN
  +--> ?PR?THREAD_TWO?MAIN
  +--> ?PR?THREAD_THREE?MAIN
  +--> ?PR?THREAD_ONE?MAIN

?PR?THREAD_FOUR?MAIN                 -----    -----      -----    -----      -----    -----
  +--> ?PR?AVG_AD_VTEMP?MAIN
  +--> ?PR?_POW?POW
  +--> ?PR?PRINTF?PRINTF
  +--> ?PR?ATOF?ATOF

?PR?_POW?POW                         -----    -----      -----    -----      00F5H    000AH
  +--> ?PR?LOG?LOG
  +--> ?PR?EXP?EXP

BL51 BANKED LINKER/LOCATER V6.22                                                      04/24/2022  01:49:45  PAGE 5


?PR?LOG?LOG                          0020H.0  0000H.1    -----    -----      00FFH    0004H

?PR?PRINTF?PRINTF                    0020H.0  0001H.1    0008H    0005H      00F5H    0030H
  +--> ?PR?_PUTCHAR?BSP_UART

?PR?_PUTCHAR?BSP_UART                -----    -----      -----    -----      -----    -----
  +--> ?PR?_U1SEND_C?BSP_UART

?PR?ATOF?ATOF                        -----    -----      -----    -----      00F5H    0003H
  +--> ?PR?_ISSPACE?ISSPACE
  +--> ?PR??C?ATOF??C?ATOF

?PR??C?ATOF??C?ATOF                  0020H.0  0000H.5    0008H    0002H      -----    -----

?PR?THREAD_TWO?MAIN                  -----    -----      -----    -----      -----    -----
  +--> ?PR?PRINTF?PRINTF
  +--> ?PR?_DELAY?MAIN

?PR?THREAD_THREE?MAIN                -----    -----      -----    -----      -----    -----
  +--> ?PR?PRINTF?PRINTF
  +--> ?PR?_DELAY?MAIN

?PR?THREAD_ONE?MAIN                  -----    -----      -----    -----      -----    -----
  +--> ?PR?PRINTF?PRINTF
  +--> ?PR?_DELAY?MAIN

?PR?REGISTER_THREADS?MAIN            -----    -----      -----    -----      -----    -----
  +--> ?CO?MAIN
  +--> ?PR?_THREAD_LIST?MAIN

?C_INITSEG                           -----    -----      -----    -----      -----    -----
  +--> ?PR?_LED_CTL?BSP_LED
  +--> ?PR?_KEY_READ?BSP_KEY
  +--> ?PR?_LCD_WRITE?BSP_LCD
  +--> ?PR?_DIS_LINE?BSP_LCD
  +--> ?PR?_DIS_CHAR?BSP_LCD
  +--> ?PR?_DIS_STR?BSP_LCD
  +--> ?PR?_ADC_GET?BSP_ADC
  +--> ?PR?_RELAY_CTL?BSP_RELAY
  +--> ?PR?_IAPPROGRAM?BSP_LAP
  +--> ?PR?_IAPREAD?BSP_LAP
  +--> ?PR?_IAPERASE?BSP_LAP
  +--> ?PR?_IAP_INT_PROGRAM?BSP_LAP
  +--> ?PR?_IAP_INT_READ?BSP_LAP
  +--> ?PR?_IAP_INT_ERASE?BSP_LAP

?PR?_LCD_WRITE?BSP_LCD               -----    -----      -----    -----      -----    -----
  +--> ?PR?_LCD_DELAY?BSP_LCD

?PR?_DIS_LINE?BSP_LCD                -----    -----      -----    -----      -----    -----
  +--> ?PR?_LCD_DELAY?BSP_LCD

?PR?_DIS_CHAR?BSP_LCD                -----    -----      -----    -----      -----    -----
  +--> ?PR?_LCD_DELAY?BSP_LCD

?PR?_DIS_STR?BSP_LCD                 -----    -----      -----    -----      -----    -----
  +--> ?PR?_LCD_DELAY?BSP_LCD
BL51 BANKED LINKER/LOCATER V6.22                                                      04/24/2022  01:49:45  PAGE 6



?PR?_ADC_GET?BSP_ADC                 -----    -----      -----    -----      -----    -----
  +--> ?PR?_DELAY?MAIN

?PR?_IAPPROGRAM?BSP_LAP              -----    -----      -----    -----      -----    -----
  +--> ?PR?IAPIDLE?BSP_LAP

?PR?_IAPREAD?BSP_LAP                 -----    -----      -----    -----      -----    -----
  +--> ?PR?IAPIDLE?BSP_LAP

?PR?_IAPERASE?BSP_LAP                -----    -----      -----    -----      -----    -----
  +--> ?PR?IAPIDLE?BSP_LAP

?PR?_IAP_INT_PROGRAM?BSP_LAP         -----    -----      -----    -----      -----    -----
  +--> ?PR?_IAPPROGRAM?BSP_LAP

?PR?_IAP_INT_READ?BSP_LAP            -----    -----      -----    -----      -----    -----
  +--> ?PR?_IAPREAD?BSP_LAP

?PR?_IAP_INT_ERASE?BSP_LAP           -----    -----      -----    -----      -----    -----
  +--> ?PR?_IAPERASE?BSP_LAP



SYMBOL TABLE OF MODULE:  ..\Obj\test (BSP_LED)

  VALUE           TYPE          NAME
  ----------------------------------

  -------         MODULE        BSP_LED
  C:0000H         SYMBOL        _ICE_DUMMY_
  D:0096H         PUBLIC        P2M0
  D:0080H         PUBLIC        P0
  D:0095H         PUBLIC        P2M1
  D:0090H         PUBLIC        P1
  D:00A0H         PUBLIC        P2
  D:00B0H         PUBLIC        P3
  D:00C0H         PUBLIC        P4
  D:00C8H         PUBLIC        P5
  B:00A0H.0       PUBLIC        LED1
  B:00A0H.1       PUBLIC        LED2
  B:00A0H.2       PUBLIC        LED3
  B:00A0H.3       PUBLIC        LED4
  D:00A8H         PUBLIC        IE
  D:00B8H         PUBLIC        IP
  C:398DH         SYMBOL        _LED_CTL
  D:0098H         PUBLIC        SCON
  D:0088H         PUBLIC        TCON
  C:3E4AH         PUBLIC        LED_Init
  X:0154H         PUBLIC        LED_fops
  D:00D0H         PUBLIC        PSW
  -------         PROC          _LED_CTL
  X:0172H         SYMBOL        which
  X:0174H         SYMBOL        status
  C:398DH         LINE#         20
  C:399DH         LINE#         21
  C:399DH         LINE#         22
BL51 BANKED LINKER/LOCATER V6.22                                                      04/24/2022  01:49:45  PAGE 7


  C:39BFH         LINE#         23
  C:39BFH         LINE#         24
  C:39D0H         LINE#         25
  C:39E1H         LINE#         26
  C:39F2H         LINE#         27
  C:3A03H         LINE#         28
  C:3A08H         LINE#         29
  C:3A08H         LINE#         30
  C:3A0DH         LINE#         31
  -------         ENDPROC       _LED_CTL
  -------         PROC          LED_INIT
  C:3E4AH         LINE#         38
  C:3E4AH         LINE#         39
  C:3E4AH         LINE#         40
  C:3E4DH         LINE#         41
  C:3E50H         LINE#         42
  -------         ENDPROC       LED_INIT
  -------         ENDMOD        BSP_LED

  -------         MODULE        MAIN
  C:0000H         SYMBOL        _ICE_DUMMY_
  C:136CH         PUBLIC        Thread_one
  D:0080H         PUBLIC        P0
  D:0090H         PUBLIC        P1
  D:00A0H         PUBLIC        P2
  D:00B0H         PUBLIC        P3
  D:00C0H         PUBLIC        P4
  D:00C8H         PUBLIC        P5
  B:00A8H.7       PUBLIC        EA
  X:007FH         PUBLIC        cur_str
  X:008EH         PUBLIC        I_MIN
  X:0090H         PUBLIC        vol_str
  D:00A8H         PUBLIC        IE
  X:009FH         PUBLIC        Power
  X:00A3H         PUBLIC        I_MAX
  C:3B66H         PUBLIC        _delay
  X:00A5H         PUBLIC        pow_str
  X:00AFH         PUBLIC        g_pThread
  X:00B2H         PUBLIC        P_MIN
  X:00B4H         PUBLIC        P_MAX
  C:18FEH         PUBLIC        Thread_two
  C:3887H         PUBLIC        OS_Init
  D:00B8H         PUBLIC        IP
  X:00B6H         PUBLIC        V_MIN
  X:00B8H         PUBLIC        V_MAX
  C:2DF9H         PUBLIC        main
  X:00BAH         SYMBOL        AD_val
  C:35C2H         PUBLIC        INT0_Isr
  C:377AH         PUBLIC        INT1_Isr
  C:2BA2H         PUBLIC        AVG_AD_Vtemp
  D:0098H         PUBLIC        SCON
  D:0088H         PUBLIC        TCON
  C:390AH         PUBLIC        _Thread_Index
  D:00AFH         PUBLIC        IE2
  D:008EH         PUBLIC        AUXR
  C:29BFH         SYMBOL        _?ix1000
  C:29D8H         SYMBOL        _?ix1001
BL51 BANKED LINKER/LOCATER V6.22                                                      04/24/2022  01:49:45  PAGE 8


  C:29F1H         SYMBOL        _?ix1002
  C:2A0AH         SYMBOL        _?ix1003
  C:2A23H         SYMBOL        _?ix1004
  C:0006H         PUBLIC        Timer2Init
  B:00A8H.0       PUBLIC        EX0
  B:0088H.0       PUBLIC        IT0
  D:00D6H         PUBLIC        T2H
  B:00A8H.2       PUBLIC        EX1
  B:0088H.2       PUBLIC        IT1
  D:00D7H         PUBLIC        T2L
  C:1E90H         PUBLIC        Thread_three
  X:00BCH         PUBLIC        GETvoltage
  C:3C45H         PUBLIC        _Thread_List
  C:3A0EH         PUBLIC        TM2_Isr
  X:00C0H         PUBLIC        g_flag
  C:3D50H         PUBLIC        Thread_five
  X:00C1H         PUBLIC        GETcurrent
  X:00C5H         PUBLIC        i_minstr
  X:00C9H         PUBLIC        i_maxstr
  X:00CDH         PUBLIC        p_minstr
  X:00D1H         PUBLIC        p_maxstr
  X:00D5H         SYMBOL        AD_Vtemp
  X:00E9H         PUBLIC        v_minstr
  X:00EDH         PUBLIC        v_maxstr
  X:00F1H         PUBLIC        List_Index
  C:0A06H         PUBLIC        Thread_four
  C:2EE4H         PUBLIC        Register_Threads
  X:00F3H         PUBLIC        List_Flag
  D:00D0H         PUBLIC        PSW
  -------         PROC          AVG_AD_VTEMP
  -------         DO            
  X:0176H         SYMBOL        i
  X:0177H         SYMBOL        j
  X:0178H         SYMBOL        temp
  -------         ENDDO         
  C:2BA2H         LINE#         121
  C:2BA2H         LINE#         122
  C:2BA2H         LINE#         125
  C:2BB6H         LINE#         126
  C:2BB6H         LINE#         127
  C:2BD0H         LINE#         128
  C:2BD0H         LINE#         129
  C:2C03H         LINE#         130
  C:2C03H         LINE#         131
  C:2C21H         LINE#         132
  C:2C4DH         LINE#         133
  C:2C6BH         LINE#         134
  C:2C6BH         LINE#         135
  C:2C74H         LINE#         136
  C:2C7DH         LINE#         137
  C:2C8EH         LINE#         138
  C:2CB8H         LINE#         139
  C:2CCFH         LINE#         140
  -------         ENDPROC       AVG_AD_VTEMP
  -------         PROC          MAIN
  -------         DO            
  X:0192H         SYMBOL        ptThread
BL51 BANKED LINKER/LOCATER V6.22                                                      04/24/2022  01:49:45  PAGE 9


  -------         ENDDO         
  C:2DF9H         LINE#         143
  C:2DF9H         LINE#         144
  C:2DF9H         LINE#         145
  C:2E0AH         LINE#         147
  C:2E0DH         LINE#         149
  C:2E16H         LINE#         150
  C:2E1FH         LINE#         151
  C:2E28H         LINE#         153
  C:2E28H         LINE#         154
  C:2E28H         LINE#         156
  C:2E41H         LINE#         157
  C:2E57H         LINE#         160
  C:2E63H         LINE#         161
  C:2E63H         LINE#         162
  C:2E7AH         LINE#         163
  C:2E83H         LINE#         164
  C:2E83H         LINE#         166
  C:2EB8H         LINE#         167
  C:2EE0H         LINE#         168
  -------         ENDPROC       MAIN
  -------         PROC          OS_INIT
  C:3887H         LINE#         176
  C:3887H         LINE#         177
  C:3887H         LINE#         178
  C:388AH         LINE#         179
  C:388DH         LINE#         180
  C:3890H         LINE#         181
  C:3893H         LINE#         182
  C:3896H         LINE#         183
  C:3899H         LINE#         184
  C:389CH         LINE#         187
  C:389EH         LINE#         188
  C:38A0H         LINE#         189
  C:38A2H         LINE#         191
  C:38CAH         LINE#         192
  C:38F2H         LINE#         193
  C:38FBH         LINE#         194
  C:3902H         LINE#         195
  C:3905H         LINE#         197
  C:3907H         LINE#         198
  C:3909H         LINE#         200
  -------         ENDPROC       OS_INIT
  -------         PROC          _THREAD_INDEX
  X:0159H         SYMBOL        Index
  -------         DO            
  X:015BH         SYMBOL        ptTmp
  -------         ENDDO         
  C:390AH         LINE#         204
  C:3912H         LINE#         205
  C:3912H         LINE#         206
  C:3928H         LINE#         207
  C:3938H         LINE#         208
  C:3938H         LINE#         209
  C:3959H         LINE#         210
  C:3965H         LINE#         211
  C:3984H         LINE#         212
BL51 BANKED LINKER/LOCATER V6.22                                                      04/24/2022  01:49:45  PAGE 10


  C:3986H         LINE#         213
  C:398CH         LINE#         214
  -------         ENDPROC       _THREAD_INDEX
  -------         PROC          REGISTER_THREADS
  -------         DO            
  X:0000H         SYMBOL        tThread5
  X:0019H         SYMBOL        tThread4
  X:0032H         SYMBOL        tThread2
  X:004BH         SYMBOL        tThread3
  X:0064H         SYMBOL        tThread1
  -------         ENDDO         
  C:2EE4H         LINE#         227
  C:2EE4H         LINE#         228
  C:2EE4H         LINE#         229
  C:2F09H         LINE#         230
  C:2F2EH         LINE#         231
  C:2F53H         LINE#         232
  C:2F78H         LINE#         233
  C:2F9DH         LINE#         235
  C:2FA6H         LINE#         236
  C:2FAFH         LINE#         237
  C:2FB8H         LINE#         238
  C:2FC1H         LINE#         239
  C:2FCAH         LINE#         242
  -------         ENDPROC       REGISTER_THREADS
  -------         PROC          _THREAD_LIST
  X:0195H         SYMBOL        ptThread
  C:3C45H         LINE#         247
  C:3C50H         LINE#         248
  C:3C50H         LINE#         249
  C:3C75H         LINE#         250
  C:3C8BH         LINE#         251
  -------         ENDPROC       _THREAD_LIST
  -------         PROC          THREAD_ONE
  -------         DO            
  X:01A9H         SYMBOL        index
  -------         ENDDO         
  C:136CH         LINE#         260
  C:136CH         LINE#         261
  C:136CH         LINE#         262
  C:1371H         LINE#         263
  C:1399H         LINE#         264
  C:13AFH         LINE#         265
  C:13E5H         LINE#         266
  C:141BH         LINE#         268
  C:1447H         LINE#         269
  C:1463H         LINE#         270
  C:148FH         LINE#         271
  C:14ABH         LINE#         272
  C:14D7H         LINE#         273
  C:14D7H         LINE#         274
  C:14D7H         LINE#         275
  C:14F1H         LINE#         276
  C:14F1H         LINE#         277
  C:14F8H         LINE#         278
  C:1512H         LINE#         279
  C:1512H         LINE#         280
BL51 BANKED LINKER/LOCATER V6.22                                                      04/24/2022  01:49:45  PAGE 11


  C:152EH         LINE#         281
  C:153FH         LINE#         282
  C:154FH         LINE#         283
  C:1569H         LINE#         284
  C:1569H         LINE#         285
  C:1569H         LINE#         286
  C:1586H         LINE#         287
  C:1586H         LINE#         288
  C:158DH         LINE#         289
  C:15A7H         LINE#         290
  C:15A7H         LINE#         291
  C:15C0H         LINE#         292
  C:15C0H         LINE#         293
  C:15D0H         LINE#         294
  C:15E0H         LINE#         295
  C:15F0H         LINE#         296
  C:15FEH         LINE#         297
  C:15FEH         LINE#         298
  C:1618H         LINE#         299
  C:1618H         LINE#         300
  C:1618H         LINE#         301
  C:1635H         LINE#         302
  C:1635H         LINE#         303
  C:163CH         LINE#         304
  C:1656H         LINE#         305
  C:1656H         LINE#         306
  C:166FH         LINE#         307
  C:166FH         LINE#         308
  C:167FH         LINE#         309
  C:168FH         LINE#         310
  C:169FH         LINE#         311
  C:16ADH         LINE#         312
  C:16ADH         LINE#         313
  C:16C7H         LINE#         314
  C:16C7H         LINE#         315
  C:16C7H         LINE#         316
  C:16DFH         LINE#         317
  C:16FBH         LINE#         318
  C:1717H         LINE#         319
  C:172FH         LINE#         322
  C:1745H         LINE#         323
  C:1765H         LINE#         324
  C:177BH         LINE#         325
  C:179BH         LINE#         327
  C:17D1H         LINE#         328
  C:1807H         LINE#         330
  C:1820H         LINE#         331
  C:1820H         LINE#         332
  C:1846H         LINE#         333
  C:186BH         LINE#         334
  C:1890H         LINE#         335
  C:18B5H         LINE#         336
  C:18D8H         LINE#         337
  C:18D8H         LINE#         339
  C:18FDH         LINE#         340
  C:18FDH         LINE#         341
  -------         ENDPROC       THREAD_ONE
BL51 BANKED LINKER/LOCATER V6.22                                                      04/24/2022  01:49:45  PAGE 12


  -------         PROC          THREAD_TWO
  -------         DO            
  X:01AAH         SYMBOL        index
  -------         ENDDO         
  C:18FEH         LINE#         343
  C:18FEH         LINE#         344
  C:18FEH         LINE#         345
  C:1903H         LINE#         346
  C:192BH         LINE#         347
  C:1941H         LINE#         348
  C:1977H         LINE#         349
  C:19ADH         LINE#         351
  C:19D9H         LINE#         352
  C:19F5H         LINE#         353
  C:1A21H         LINE#         354
  C:1A3DH         LINE#         355
  C:1A69H         LINE#         356
  C:1A69H         LINE#         357
  C:1A69H         LINE#         358
  C:1A83H         LINE#         359
  C:1A83H         LINE#         360
  C:1A8AH         LINE#         361
  C:1AA4H         LINE#         362
  C:1AA4H         LINE#         363
  C:1AC0H         LINE#         364
  C:1AD1H         LINE#         365
  C:1AE1H         LINE#         366
  C:1AFBH         LINE#         367
  C:1AFBH         LINE#         368
  C:1AFBH         LINE#         369
  C:1B18H         LINE#         370
  C:1B18H         LINE#         371
  C:1B1FH         LINE#         372
  C:1B39H         LINE#         373
  C:1B39H         LINE#         374
  C:1B52H         LINE#         375
  C:1B52H         LINE#         376
  C:1B62H         LINE#         377
  C:1B72H         LINE#         378
  C:1B82H         LINE#         379
  C:1B90H         LINE#         380
  C:1B90H         LINE#         381
  C:1BAAH         LINE#         382
  C:1BAAH         LINE#         383
  C:1BAAH         LINE#         384
  C:1BC7H         LINE#         385
  C:1BC7H         LINE#         386
  C:1BCEH         LINE#         387
  C:1BE8H         LINE#         388
  C:1BE8H         LINE#         389
  C:1C01H         LINE#         390
  C:1C01H         LINE#         391
  C:1C11H         LINE#         392
  C:1C21H         LINE#         393
  C:1C31H         LINE#         394
  C:1C3FH         LINE#         395
  C:1C3FH         LINE#         396
BL51 BANKED LINKER/LOCATER V6.22                                                      04/24/2022  01:49:45  PAGE 13


  C:1C59H         LINE#         397
  C:1C59H         LINE#         398
  C:1C59H         LINE#         399
  C:1C71H         LINE#         400
  C:1C8DH         LINE#         401
  C:1CA9H         LINE#         402
  C:1CC1H         LINE#         405
  C:1CD7H         LINE#         406
  C:1CF7H         LINE#         407
  C:1D0DH         LINE#         408
  C:1D2DH         LINE#         410
  C:1D63H         LINE#         411
  C:1D99H         LINE#         413
  C:1DB2H         LINE#         414
  C:1DB2H         LINE#         415
  C:1DD8H         LINE#         416
  C:1DFDH         LINE#         417
  C:1E22H         LINE#         418
  C:1E47H         LINE#         419
  C:1E6AH         LINE#         420
  C:1E6AH         LINE#         422
  C:1E8FH         LINE#         423
  C:1E8FH         LINE#         424
  -------         ENDPROC       THREAD_TWO
  -------         PROC          THREAD_THREE
  -------         DO            
  X:01ABH         SYMBOL        index
  -------         ENDDO         
  C:1E90H         LINE#         426
  C:1E90H         LINE#         427
  C:1E90H         LINE#         428
  C:1E95H         LINE#         429
  C:1EBDH         LINE#         430
  C:1ED3H         LINE#         431
  C:1F09H         LINE#         432
  C:1F3FH         LINE#         434
  C:1F6BH         LINE#         435
  C:1F87H         LINE#         436
  C:1FB3H         LINE#         437
  C:1FCFH         LINE#         438
  C:1FFBH         LINE#         439
  C:1FFBH         LINE#         440
  C:1FFBH         LINE#         441
  C:2015H         LINE#         442
  C:2015H         LINE#         443
  C:201CH         LINE#         444
  C:2036H         LINE#         445
  C:2036H         LINE#         446
  C:2052H         LINE#         447
  C:2063H         LINE#         448
  C:2073H         LINE#         449
  C:208DH         LINE#         450
  C:208DH         LINE#         451
  C:208DH         LINE#         452
  C:20AAH         LINE#         453
  C:20AAH         LINE#         454
  C:20B1H         LINE#         455
BL51 BANKED LINKER/LOCATER V6.22                                                      04/24/2022  01:49:45  PAGE 14


  C:20CBH         LINE#         456
  C:20CBH         LINE#         457
  C:20E4H         LINE#         458
  C:20E4H         LINE#         459
  C:20F4H         LINE#         460
  C:2104H         LINE#         461
  C:2114H         LINE#         462
  C:2122H         LINE#         463
  C:2122H         LINE#         464
  C:213CH         LINE#         465
  C:213CH         LINE#         466
  C:213CH         LINE#         467
  C:2159H         LINE#         468
  C:2159H         LINE#         469
  C:2160H         LINE#         470
  C:217AH         LINE#         471
  C:217AH         LINE#         472
  C:2193H         LINE#         473
  C:2193H         LINE#         474
  C:21A3H         LINE#         475
  C:21B3H         LINE#         476
  C:21C3H         LINE#         477
  C:21D1H         LINE#         478
  C:21D1H         LINE#         479
  C:21EBH         LINE#         480
  C:21EBH         LINE#         481
  C:21EBH         LINE#         482
  C:2203H         LINE#         483
  C:221FH         LINE#         484
  C:223BH         LINE#         485
  C:2253H         LINE#         488
  C:2269H         LINE#         489
  C:2289H         LINE#         490
  C:229FH         LINE#         491
  C:22BFH         LINE#         493
  C:22F5H         LINE#         494
  C:232BH         LINE#         496
  C:2344H         LINE#         497
  C:2344H         LINE#         498
  C:236AH         LINE#         499
  C:238FH         LINE#         500
  C:23B4H         LINE#         501
  C:23D9H         LINE#         502
  C:23FCH         LINE#         503
  C:23FCH         LINE#         505
  C:2421H         LINE#         506
  C:2421H         LINE#         507
  -------         ENDPROC       THREAD_THREE
  -------         PROC          THREAD_FOUR
  -------         DO            
  B:0021H.1       SYMBOL        flag
  X:01ACH         SYMBOL        i
  -------         ENDDO         
  C:0A06H         LINE#         509
  C:0A06H         LINE#         510
  C:0A06H         LINE#         513
  C:0A2EH         LINE#         517
BL51 BANKED LINKER/LOCATER V6.22                                                      04/24/2022  01:49:45  PAGE 15


  C:0A51H         LINE#         518
  C:0A74H         LINE#         519
  C:0A97H         LINE#         520
  C:0ABAH         LINE#         521
  C:0ADDH         LINE#         522
  C:0B00H         LINE#         525
  C:0B00H         LINE#         526
  C:0B00H         LINE#         527
  C:0B1AH         LINE#         528
  C:0B20H         LINE#         529
  C:0B20H         LINE#         530
  C:0B30H         LINE#         531
  C:0B30H         LINE#         532
  C:0B5AH         LINE#         533
  C:0B62H         LINE#         535
  C:0B65H         LINE#         537
  C:0B98H         LINE#         539
  C:0D57H         LINE#         540
  C:0D5FH         LINE#         543
  C:0D99H         LINE#         544
  C:0DA8H         LINE#         545
  C:0DE8H         LINE#         546
  C:0DE8H         LINE#         547
  C:0E02H         LINE#         548
  C:0E1CH         LINE#         549
  C:0E1FH         LINE#         550
  C:0E22H         LINE#         551
  C:0E25H         LINE#         552
  C:0E27H         LINE#         553
  C:0E67H         LINE#         554
  C:0E67H         LINE#         555
  C:0E81H         LINE#         556
  C:0E9BH         LINE#         557
  C:0E9EH         LINE#         558
  C:0EA1H         LINE#         559
  C:0EA1H         LINE#         560
  C:0ECDH         LINE#         561
  C:0EF9H         LINE#         562
  C:0F25H         LINE#         564
  C:0F28H         LINE#         565
  C:0F28H         LINE#         566
  C:0F38H         LINE#         567
  C:0F38H         LINE#         568
  C:0F62H         LINE#         569
  C:0F6AH         LINE#         570
  C:0F6DH         LINE#         572
  C:0F8AH         LINE#         573
  C:0F92H         LINE#         574
  C:0FD2H         LINE#         575
  C:0FD2H         LINE#         576
  C:0FECH         LINE#         577
  C:1006H         LINE#         578
  C:1020H         LINE#         579
  C:1023H         LINE#         580
  C:1044H         LINE#         581
  C:1044H         LINE#         582
  C:105EH         LINE#         583
BL51 BANKED LINKER/LOCATER V6.22                                                      04/24/2022  01:49:45  PAGE 16


  C:1078H         LINE#         584
  C:107AH         LINE#         585
  C:1099H         LINE#         586
  C:1099H         LINE#         587
  C:10B3H         LINE#         588
  C:10CDH         LINE#         589
  C:10CDH         LINE#         591
  C:1107H         LINE#         592
  C:1116H         LINE#         593
  C:1142H         LINE#         594
  C:116EH         LINE#         595
  C:118AH         LINE#         597
  C:118AH         LINE#         598
  C:11AFH         LINE#         599
  C:11EFH         LINE#         600
  C:11EFH         LINE#         601
  C:1209H         LINE#         602
  C:1223H         LINE#         603
  C:1226H         LINE#         604
  C:1229H         LINE#         605
  C:122CH         LINE#         606
  C:122EH         LINE#         607
  C:126EH         LINE#         608
  C:126EH         LINE#         609
  C:1288H         LINE#         610
  C:12A2H         LINE#         611
  C:12A5H         LINE#         612
  C:12A8H         LINE#         613
  C:12A8H         LINE#         614
  C:12E2H         LINE#         615
  C:130EH         LINE#         616
  C:133AH         LINE#         617
  C:1356H         LINE#         618
  C:1358H         LINE#         619
  C:1368H         LINE#         620
  C:136BH         LINE#         621
  -------         ENDPROC       THREAD_FOUR
  -------         PROC          THREAD_FIVE
  C:3D50H         LINE#         623
  C:3D50H         LINE#         624
  C:3D50H         LINE#         625
  C:3D50H         LINE#         626
  C:3D50H         LINE#         627
  C:3D78H         LINE#         628
  C:3D85H         LINE#         629
  C:3D87H         LINE#         630
  -------         ENDPROC       THREAD_FIVE
  -------         PROC          _DELAY
  X:017AH         SYMBOL        Count
  -------         DO            
  X:017CH         SYMBOL        i
  X:017DH         SYMBOL        j
  -------         ENDDO         
  C:3B66H         LINE#         636
  C:3B6EH         LINE#         637
  C:3B6EH         LINE#         639
  C:3B80H         LINE#         640
BL51 BANKED LINKER/LOCATER V6.22                                                      04/24/2022  01:49:45  PAGE 17


  C:3B80H         LINE#         641
  C:3B90H         LINE#         642
  C:3BB0H         LINE#         643
  C:3BB0H         LINE#         644
  -------         ENDPROC       _DELAY
  -------         PROC          INT0_ISR
  C:35C2H         LINE#         648
  C:35DFH         LINE#         651
  C:35F9H         LINE#         652
  C:35F9H         LINE#         653
  C:361CH         LINE#         654
  C:3625H         LINE#         655
  C:363FH         LINE#         656
  C:363FH         LINE#         658
  -------         ENDPROC       INT0_ISR
  -------         PROC          TIMER2INIT
  C:0006H         LINE#         665
  C:0006H         LINE#         666
  C:0006H         LINE#         667
  C:0009H         LINE#         668
  C:000CH         LINE#         669
  C:000FH         LINE#         670
  -------         ENDPROC       TIMER2INIT
  -------         PROC          INT1_ISR
  C:377AH         LINE#         676
  C:3797H         LINE#         679
  C:37B1H         LINE#         680
  C:37B1H         LINE#         681
  C:37CDH         LINE#         682
  C:37CDH         LINE#         683
  C:37E7H         LINE#         684
  -------         ENDPROC       INT1_ISR
  -------         PROC          TM2_ISR
  -------         DO            
  X:007DH         SYMBOL        i
  -------         ENDDO         
  C:3A0EH         LINE#         691
  C:3A2BH         LINE#         694
  C:3A3CH         LINE#         695
  C:3A3CH         LINE#         696
  C:3A56H         LINE#         697
  C:3A5EH         LINE#         698
  C:3A61H         LINE#         699
  C:3A61H         LINE#         700
  C:3A6FH         LINE#         701
  -------         ENDPROC       TM2_ISR
  -------         ENDMOD        MAIN

  -------         MODULE        BSP_KEY
  C:0000H         SYMBOL        _ICE_DUMMY_
  D:0092H         PUBLIC        P1M0
  D:0091H         PUBLIC        P1M1
  D:0080H         PUBLIC        P0
  D:00B2H         PUBLIC        P3M0
  D:0090H         PUBLIC        P1
  D:00B1H         PUBLIC        P3M1
  D:00A0H         PUBLIC        P2
BL51 BANKED LINKER/LOCATER V6.22                                                      04/24/2022  01:49:45  PAGE 18


  D:00CAH         PUBLIC        P5M0
  D:00B0H         PUBLIC        P3
  D:00C9H         PUBLIC        P5M1
  D:00C0H         PUBLIC        P4
  X:015EH         PUBLIC        KEY_fops
  D:00C8H         PUBLIC        P5
  D:00A8H         PUBLIC        IE
  D:00B8H         PUBLIC        IP
  B:00B0H.2       PUBLIC        KEY1
  B:00B0H.3       PUBLIC        KEY2
  B:00B0H.4       PUBLIC        KEY3
  B:00B0H.5       PUBLIC        KEY4
  B:00B0H.6       PUBLIC        KEY5
  B:00B0H.7       PUBLIC        KEY6
  B:0090H.7       PUBLIC        KEY7
  B:00C8H.5       PUBLIC        KEY8
  D:0098H         PUBLIC        SCON
  D:0088H         PUBLIC        TCON
  C:3DE9H         PUBLIC        KEY_Init
  C:3802H         SYMBOL        _KEY_READ
  D:00D0H         PUBLIC        PSW
  -------         PROC          _KEY_READ
  X:017EH         SYMBOL        which
  -------         DO            
  X:0180H         SYMBOL        temp
  -------         ENDDO         
  C:3802H         LINE#         22
  C:380AH         LINE#         23
  C:380AH         LINE#         24
  C:3812H         LINE#         25
  C:3844H         LINE#         26
  C:3844H         LINE#         27
  C:384BH         LINE#         28
  C:3852H         LINE#         29
  C:3859H         LINE#         30
  C:3860H         LINE#         31
  C:3867H         LINE#         32
  C:386EH         LINE#         33
  C:3875H         LINE#         34
  C:387CH         LINE#         35
  C:3881H         LINE#         36
  C:3881H         LINE#         37
  C:3886H         LINE#         38
  -------         ENDPROC       _KEY_READ
  -------         PROC          KEY_INIT
  C:3DE9H         LINE#         45
  C:3DE9H         LINE#         46
  C:3DE9H         LINE#         47
  C:3DECH         LINE#         48
  C:3DEFH         LINE#         49
  C:3DF2H         LINE#         50
  C:3DF5H         LINE#         51
  C:3DF8H         LINE#         52
  C:3DFBH         LINE#         53
  -------         ENDPROC       KEY_INIT
  -------         ENDMOD        BSP_KEY

BL51 BANKED LINKER/LOCATER V6.22                                                      04/24/2022  01:49:45  PAGE 19


  -------         MODULE        BSP_LCD
  C:0000H         SYMBOL        _ICE_DUMMY_
  D:0093H         PUBLIC        P0M1
  D:0096H         PUBLIC        P2M0
  D:0080H         PUBLIC        P0
  D:0095H         PUBLIC        P2M1
  D:0090H         PUBLIC        P1
  C:365AH         SYMBOL        _Dis_Char
  D:00A0H         PUBLIC        P2
  D:00B0H         PUBLIC        P3
  D:00C0H         PUBLIC        P4
  D:00C8H         PUBLIC        P5
  C:3256H         SYMBOL        _Dis_Line
  D:00A8H         PUBLIC        IE
  D:00B8H         PUBLIC        IP
  C:3BB1H         SYMBOL        _lcd_delay
  D:0098H         PUBLIC        SCON
  D:0088H         PUBLIC        TCON
  C:3194H         SYMBOL        _Dis_Str
  C:3AF9H         SYMBOL        _LCD_WRITE
  C:347AH         PUBLIC        LCD_Init
  B:0080H.2       PUBLIC        LCDEN
  X:0139H         PUBLIC        LCD_fops
  B:0080H.0       PUBLIC        LCDRS
  D:00D0H         PUBLIC        PSW
  B:0080H.1       PUBLIC        LCDRW
  D:0094H         PUBLIC        P0M0
  -------         PROC          _LCD_WRITE
  X:01A1H         SYMBOL        cmdordata
  X:01A2H         SYMBOL        writetype
  C:3AF9H         LINE#         33
  C:3B03H         LINE#         34
  C:3B03H         LINE#         35
  C:3B0DH         LINE#         36
  C:3B14H         LINE#         37
  C:3B17H         LINE#         38
  C:3B23H         LINE#         39
  C:3B2CH         LINE#         40
  C:3B35H         LINE#         41
  C:3B44H         LINE#         42
  C:3B47H         LINE#         43
  C:3B53H         LINE#         44
  C:3B5CH         LINE#         45
  C:3B65H         LINE#         46
  -------         ENDPROC       _LCD_WRITE
  -------         PROC          _DIS_LINE
  X:014EH         SYMBOL        str
  X:0151H         SYMBOL        y
  -------         DO            
  X:0153H         SYMBOL        i
  -------         ENDDO         
  C:3256H         LINE#         53
  C:3269H         LINE#         54
  C:3269H         LINE#         55
  C:326EH         LINE#         56
  C:327CH         LINE#         57
  C:3294H         LINE#         58
BL51 BANKED LINKER/LOCATER V6.22                                                      04/24/2022  01:49:45  PAGE 20


  C:32B8H         LINE#         59
  C:32BFH         LINE#         60
  C:32CFH         LINE#         61
  C:32CFH         LINE#         63
  C:32D6H         LINE#         64
  C:3303H         LINE#         65
  C:330AH         LINE#         67
  C:3312H         LINE#         68
  -------         ENDPROC       _DIS_LINE
  -------         PROC          _DIS_CHAR
  X:0163H         SYMBOL        x
  X:0165H         SYMBOL        y
  X:0167H         SYMBOL        c
  C:365AH         LINE#         75
  C:366FH         LINE#         76
  C:366FH         LINE#         77
  C:367DH         LINE#         78
  C:369FH         LINE#         79
  C:36CDH         LINE#         80
  C:36D4H         LINE#         81
  C:36EDH         LINE#         82
  -------         ENDPROC       _DIS_CHAR
  -------         PROC          _DIS_STR
  X:0147H         SYMBOL        x
  X:0149H         SYMBOL        y
  X:014BH         SYMBOL        str
  C:3194H         LINE#         89
  C:31AFH         LINE#         90
  C:31AFH         LINE#         91
  C:31BDH         LINE#         92
  C:31DFH         LINE#         93
  C:320DH         LINE#         94
  C:3214H         LINE#         95
  C:3226H         LINE#         96
  C:3226H         LINE#         97
  C:3249H         LINE#         98
  C:3253H         LINE#         99
  C:3255H         LINE#         100
  -------         ENDPROC       _DIS_STR
  -------         PROC          LCD_INIT
  C:347AH         LINE#         108
  C:347AH         LINE#         109
  C:347AH         LINE#         111
  C:347DH         LINE#         112
  C:3480H         LINE#         114
  C:3483H         LINE#         115
  C:3486H         LINE#         116
  C:348DH         LINE#         117
  C:348FH         LINE#         118
  C:3496H         LINE#         119
  C:34B3H         LINE#         120
  C:34D0H         LINE#         121
  C:34EDH         LINE#         122
  C:350AH         LINE#         123
  C:3527H         LINE#         125
  -------         ENDPROC       LCD_INIT
  -------         PROC          _LCD_DELAY
BL51 BANKED LINKER/LOCATER V6.22                                                      04/24/2022  01:49:45  PAGE 21


  X:0182H         SYMBOL        Cnt
  -------         DO            
  X:0184H         SYMBOL        i
  X:0185H         SYMBOL        j
  -------         ENDDO         
  C:3BB1H         LINE#         131
  C:3BB9H         LINE#         132
  C:3BB9H         LINE#         134
  C:3BCBH         LINE#         135
  C:3BCBH         LINE#         136
  C:3BDBH         LINE#         137
  C:3BFBH         LINE#         138
  C:3BFBH         LINE#         139
  -------         ENDPROC       _LCD_DELAY
  -------         ENDMOD        BSP_LCD

  -------         MODULE        BSP_ADC
  C:0000H         SYMBOL        _ICE_DUMMY_
  D:0092H         PUBLIC        P1M0
  D:0091H         PUBLIC        P1M1
  D:0080H         PUBLIC        P0
  D:0090H         PUBLIC        P1
  D:00A0H         PUBLIC        P2
  D:00B0H         PUBLIC        P3
  D:00C0H         PUBLIC        P4
  D:00C8H         PUBLIC        P5
  C:3A8AH         SYMBOL        _ADC_GET
  D:00A8H         PUBLIC        IE
  D:00BDH         PUBLIC        ADC_RES
  D:00B8H         PUBLIC        IP
  D:00DEH         PUBLIC        ADCCFG
  D:00BCH         PUBLIC        ADC_CONTR
  D:0098H         PUBLIC        SCON
  D:0088H         PUBLIC        TCON
  C:3E21H         PUBLIC        ADC_Init
  D:00BEH         PUBLIC        ADC_RESL
  X:0168H         PUBLIC        ADC_fops
  D:00D0H         PUBLIC        PSW
  -------         PROC          _ADC_GET
  X:0198H         SYMBOL        which
  -------         DO            
  X:0199H         SYMBOL        AD_Vtemp
  -------         ENDDO         
  C:3A8AH         LINE#         22
  C:3A8FH         LINE#         23
  C:3A8FH         LINE#         24
  C:3A97H         LINE#         25
  C:3A9AH         LINE#         26
  C:3AA2H         LINE#         27
  C:3AA5H         LINE#         28
  C:3AACH         LINE#         29
  C:3AB1H         LINE#         30
  C:3AB4H         LINE#         31
  C:3AC8H         LINE#         32
  C:3AF0H         LINE#         33
  C:3AF8H         LINE#         34
  -------         ENDPROC       _ADC_GET
BL51 BANKED LINKER/LOCATER V6.22                                                      04/24/2022  01:49:45  PAGE 22


  -------         PROC          ADC_INIT
  C:3E21H         LINE#         41
  C:3E21H         LINE#         42
  C:3E21H         LINE#         43
  C:3E24H         LINE#         45
  C:3E27H         LINE#         46
  C:3E2AH         LINE#         47
  C:3E2DH         LINE#         48
  C:3E30H         LINE#         49
  -------         ENDPROC       ADC_INIT
  -------         ENDMOD        BSP_ADC

  -------         MODULE        BSP_RELAY
  C:0000H         SYMBOL        _ICE_DUMMY_
  D:0093H         PUBLIC        P0M1
  D:0080H         PUBLIC        P0
  D:0090H         PUBLIC        P1
  D:00A0H         PUBLIC        P2
  D:00B0H         PUBLIC        P3
  D:00C0H         PUBLIC        P4
  D:00C8H         PUBLIC        P5
  D:00A8H         PUBLIC        IE
  D:00B8H         PUBLIC        IP
  X:016DH         PUBLIC        RELAY_fops
  B:0080H.3       PUBLIC        relay
  D:0098H         PUBLIC        SCON
  D:0088H         PUBLIC        TCON
  C:3CCEH         SYMBOL        _RELAY_CTL
  C:3E41H         PUBLIC        RELAY_Init
  D:00D0H         PUBLIC        PSW
  D:0094H         PUBLIC        P0M0
  -------         PROC          _RELAY_CTL
  X:0186H         SYMBOL        which
  X:0188H         SYMBOL        status
  C:3CCEH         LINE#         20
  C:3CDEH         LINE#         21
  C:3CDEH         LINE#         22
  C:3CF4H         LINE#         23
  C:3CF4H         LINE#         24
  C:3D04H         LINE#         25
  C:3D09H         LINE#         26
  C:3D09H         LINE#         27
  C:3D0EH         LINE#         28
  -------         ENDPROC       _RELAY_CTL
  -------         PROC          RELAY_INIT
  C:3E41H         LINE#         35
  C:3E41H         LINE#         36
  C:3E41H         LINE#         37
  C:3E44H         LINE#         38
  C:3E47H         LINE#         39
  C:3E49H         LINE#         40
  -------         ENDPROC       RELAY_INIT
  -------         ENDMOD        BSP_RELAY

  -------         MODULE        BSP_UART
  C:0000H         SYMBOL        _ICE_DUMMY_
  D:0080H         PUBLIC        P0
BL51 BANKED LINKER/LOCATER V6.22                                                      04/24/2022  01:49:45  PAGE 23


  D:0090H         PUBLIC        P1
  D:00A0H         PUBLIC        P2
  D:00B0H         PUBLIC        P3
  D:00C0H         PUBLIC        P4
  D:00C8H         PUBLIC        P5
  D:00A8H         PUBLIC        IE
  D:00B8H         PUBLIC        IP
  B:0098H.0       PUBLIC        RI
  B:0098H.1       PUBLIC        TI
  D:0099H         PUBLIC        SBUF
  D:0098H         PUBLIC        SCON
  D:0088H         PUBLIC        TCON
  D:008EH         PUBLIC        AUXR
  D:00D6H         PUBLIC        T2H
  D:00D7H         PUBLIC        T2L
  C:3E0FH         SYMBOL        _U1SEND_C
  X:01A3H         PUBLIC        UART_fops
  C:3DBEH         PUBLIC        UART1_Init
  D:00D0H         PUBLIC        PSW
  C:3DFCH         PUBLIC        _putchar
  -------         PROC          UART1_INIT
  C:3DBEH         LINE#         22
  C:3DBEH         LINE#         23
  C:3DBEH         LINE#         24
  C:3DC1H         LINE#         25
  C:3DC4H         LINE#         26
  C:3DC7H         LINE#         27
  C:3DCAH         LINE#         28
  C:3DCDH         LINE#         29
  C:3DD0H         LINE#         30
  C:3DD4H         LINE#         31
  -------         ENDPROC       UART1_INIT
  -------         PROC          _U1SEND_C
  X:01ADH         SYMBOL        SEND_C
  C:3E0FH         LINE#         38
  C:3E14H         LINE#         39
  C:3E14H         LINE#         40
  C:3E16H         LINE#         41
  C:3E1DH         LINE#         42
  C:3E20H         LINE#         43
  -------         ENDPROC       _U1SEND_C
  -------         PROC          _PUTCHAR
  X:01AEH         SYMBOL        ch
  C:3DFCH         LINE#         50
  C:3E01H         LINE#         51
  C:3E01H         LINE#         52
  C:3E09H         LINE#         53
  C:3E0EH         LINE#         54
  -------         ENDPROC       _PUTCHAR
  -------         ENDMOD        BSP_UART

  -------         MODULE        BSP_LAP
  C:0000H         SYMBOL        _ICE_DUMMY_
  D:0080H         PUBLIC        P0
  D:0090H         PUBLIC        P1
  D:00A0H         PUBLIC        P2
  D:00B0H         PUBLIC        P3
BL51 BANKED LINKER/LOCATER V6.22                                                      04/24/2022  01:49:45  PAGE 24


  D:00C0H         PUBLIC        P4
  D:00C8H         PUBLIC        P5
  C:30B1H         SYMBOL        _Iap_Int_Read
  D:00A8H         PUBLIC        IE
  C:3D88H         SYMBOL        _IapErase
  D:00C5H         PUBLIC        IAP_CMD
  D:00B8H         PUBLIC        IP
  C:3D0FH         SYMBOL        _IapRead
  C:3E31H         SYMBOL        IapIdle
  D:00C3H         PUBLIC        IAP_ADDRH
  D:00C4H         PUBLIC        IAP_ADDRL
  D:00F5H         PUBLIC        IAP_TPS
  D:0098H         PUBLIC        SCON
  D:0088H         PUBLIC        TCON
  D:00C7H         PUBLIC        IAP_CONTR
  D:00C2H         PUBLIC        IAP_DATA
  C:33C9H         SYMBOL        _Iap_Int_Program
  D:00C6H         PUBLIC        IAP_TRIG
  X:0125H         PUBLIC        IAP_fops
  C:3C8CH         SYMBOL        _IapProgram
  D:00D0H         PUBLIC        PSW
  C:0016H         SYMBOL        _Iap_Int_Erase
  -------         PROC          IAPIDLE
  C:3E31H         LINE#         34
  C:3E31H         LINE#         35
  C:3E31H         LINE#         36
  C:3E34H         LINE#         37
  C:3E37H         LINE#         38
  C:3E3AH         LINE#         39
  C:3E3DH         LINE#         40
  C:3E40H         LINE#         41
  -------         ENDPROC       IAPIDLE
  -------         PROC          _IAPREAD
  X:019BH         SYMBOL        addr
  -------         DO            
  X:019DH         SYMBOL        dat
  -------         ENDDO         
  C:3D0FH         LINE#         48
  C:3D17H         LINE#         49
  C:3D17H         LINE#         52
  C:3D1AH         LINE#         53
  C:3D1DH         LINE#         54
  C:3D20H         LINE#         55
  C:3D2AH         LINE#         56
  C:3D3AH         LINE#         57
  C:3D3DH         LINE#         58
  C:3D40H         LINE#         59
  C:3D41H         LINE#         60
  C:3D47H         LINE#         61
  C:3D4AH         LINE#         62
  C:3D4FH         LINE#         63
  -------         ENDPROC       _IAPREAD
  -------         PROC          _IAPPROGRAM
  X:019EH         SYMBOL        addr
  X:01A0H         SYMBOL        dat
  C:3C8CH         LINE#         70
  C:3C99H         LINE#         71
BL51 BANKED LINKER/LOCATER V6.22                                                      04/24/2022  01:49:45  PAGE 25


  C:3C99H         LINE#         72
  C:3C9CH         LINE#         73
  C:3C9FH         LINE#         74
  C:3CA2H         LINE#         75
  C:3CACH         LINE#         76
  C:3CBCH         LINE#         77
  C:3CC3H         LINE#         78
  C:3CC6H         LINE#         79
  C:3CC9H         LINE#         80
  C:3CCAH         LINE#         81
  C:3CCDH         LINE#         82
  -------         ENDPROC       _IAPPROGRAM
  -------         PROC          _IAPERASE
  X:01A5H         SYMBOL        addr
  C:3D88H         LINE#         89
  C:3D90H         LINE#         90
  C:3D90H         LINE#         91
  C:3D93H         LINE#         92
  C:3D96H         LINE#         93
  C:3D99H         LINE#         94
  C:3DA3H         LINE#         95
  C:3DB3H         LINE#         96
  C:3DB6H         LINE#         97
  C:3DB9H         LINE#         98
  C:3DBAH         LINE#         99
  C:3DBDH         LINE#         100
  -------         ENDPROC       _IAPERASE
  -------         PROC          _IAP_INT_PROGRAM
  X:018AH         SYMBOL        addr
  X:018CH         SYMBOL        dat
  C:33C9H         LINE#         107
  C:33D9H         LINE#         108
  C:33D9H         LINE#         109
  C:33ECH         LINE#         110
  C:3417H         LINE#         111
  C:3448H         LINE#         112
  C:3479H         LINE#         113
  -------         ENDPROC       _IAP_INT_PROGRAM
  -------         PROC          _IAP_INT_READ
  X:018EH         SYMBOL        addr
  -------         DO            
  X:0190H         SYMBOL        temp
  -------         ENDDO         
  C:30B1H         LINE#         115
  C:30B9H         LINE#         116
  C:30B9H         LINE#         117
  C:30C1H         LINE#         118
  C:30E7H         LINE#         119
  C:3119H         LINE#         120
  C:3152H         LINE#         121
  C:318BH         LINE#         122
  C:3193H         LINE#         123
  -------         ENDPROC       _IAP_INT_READ
  -------         PROC          _IAP_INT_ERASE
  X:01A7H         SYMBOL        addr
  C:0016H         LINE#         130
  C:001EH         LINE#         131
BL51 BANKED LINKER/LOCATER V6.22                                                      04/24/2022  01:49:45  PAGE 26


  C:001EH         LINE#         132
  C:0029H         LINE#         133
  C:003CH         LINE#         134
  C:004FH         LINE#         135
  C:0062H         LINE#         136
  -------         ENDPROC       _IAP_INT_ERASE
  -------         ENDMOD        BSP_LAP

  -------         MODULE        ?C?FPADD
  C:006DH         PUBLIC        ?C?FPADD
  C:0069H         PUBLIC        ?C?FPSUB
  -------         ENDMOD        ?C?FPADD

  -------         MODULE        ?C?FPMUL
  C:015EH         PUBLIC        ?C?FPMUL
  -------         ENDMOD        ?C?FPMUL

  -------         MODULE        ?C?FPDIV
  C:0267H         PUBLIC        ?C?FPDIV
  -------         ENDMOD        ?C?FPDIV

  -------         MODULE        ?C?FPCMP
  C:0306H         PUBLIC        ?C?FPCMP
  C:0304H         PUBLIC        ?C?FPCMP3
  -------         ENDMOD        ?C?FPCMP

  -------         MODULE        ?C?FCAST
  C:037BH         PUBLIC        ?C?FCASTC
  C:0376H         PUBLIC        ?C?FCASTI
  C:0371H         PUBLIC        ?C?FCASTL
  -------         ENDMOD        ?C?FCAST

  -------         MODULE        PRINTF
  X:00F5H         PUBLIC        ?_PRINTF?BYTE
  X:00F5H         PUBLIC        ?_SPRINTF?BYTE
  C:248DH         PUBLIC        _PRINTF
  C:2487H         PUBLIC        _SPRINTF
  -------         ENDMOD        PRINTF

  -------         MODULE        ATOF
  C:3BFCH         PUBLIC        _ATOF
  -------         ENDMOD        ATOF

  -------         MODULE        POW
  X:00F5H         PUBLIC        ?_pow?BYTE
  C:2A3CH         PUBLIC        _pow
  -------         ENDMOD        POW

  -------         MODULE        ?C?CHKFLOAT
  C:03F9H         PUBLIC        ?C?CHKFLOAT
  -------         ENDMOD        ?C?CHKFLOAT

  -------         MODULE        ?C?FPNEG
  C:0413H         PUBLIC        ?C?FPNEG
  -------         ENDMOD        ?C?FPNEG

  -------         MODULE        ?C?CASTF
BL51 BANKED LINKER/LOCATER V6.22                                                      04/24/2022  01:49:45  PAGE 27


  C:0424H         PUBLIC        ?C?CASTF
  -------         ENDMOD        ?C?CASTF

  -------         MODULE        ?C?FPROUND
  C:045BH         PUBLIC        ?C?FPROUND
  -------         ENDMOD        ?C?FPROUND

  -------         MODULE        ?C?FPCONVERT
  C:0498H         PUBLIC        ?C?FPCONVERT
  -------         ENDMOD        ?C?FPCONVERT

  -------         MODULE        EXP
  C:3560H         PUBLIC        _EXP
  -------         ENDMOD        EXP

  -------         MODULE        LOG
  C:2D04H         PUBLIC        _LOG
  C:2D00H         PUBLIC        _LOG10
  -------         ENDMOD        LOG

  -------         MODULE        ?C?FTNPWR
  C:05CDH         PUBLIC        ?C?FTNPWR
  -------         ENDMOD        ?C?FTNPWR

  -------         MODULE        ?C?COPY
  C:072AH         PUBLIC        ?C?COPY
  -------         ENDMOD        ?C?COPY

  -------         MODULE        ?C?CLDPTR
  C:0750H         PUBLIC        ?C?CLDPTR
  -------         ENDMOD        ?C?CLDPTR

  -------         MODULE        ?C?CLDOPTR
  C:0769H         PUBLIC        ?C?CLDOPTR
  -------         ENDMOD        ?C?CLDOPTR

  -------         MODULE        ?C?CSTPTR
  C:0796H         PUBLIC        ?C?CSTPTR
  -------         ENDMOD        ?C?CSTPTR

  -------         MODULE        ?C?UIDIV
  C:07A8H         PUBLIC        ?C?UIDIV
  -------         ENDMOD        ?C?UIDIV

  -------         MODULE        ?C?IILDX
  C:07FDH         PUBLIC        ?C?IILDX
  -------         ENDMOD        ?C?IILDX

  -------         MODULE        ?C?ILDIX
  C:0813H         PUBLIC        ?C?ILDIX
  -------         ENDMOD        ?C?ILDIX

  -------         MODULE        ?C?ILDPTR
  C:0829H         PUBLIC        ?C?ILDPTR
  -------         ENDMOD        ?C?ILDPTR

  -------         MODULE        ?C?LNEG
BL51 BANKED LINKER/LOCATER V6.22                                                      04/24/2022  01:49:45  PAGE 28


  C:0854H         PUBLIC        ?C?LNEG
  -------         ENDMOD        ?C?LNEG

  -------         MODULE        ?C?LLDCODE
  C:0862H         PUBLIC        ?C?LLDCODE
  -------         ENDMOD        ?C?LLDCODE

  -------         MODULE        ?C?LLDXDATA0
  C:0872H         PUBLIC        ?C?LLDXDATA0
  -------         ENDMOD        ?C?LLDXDATA0

  -------         MODULE        ?C?LLDCODE0
  C:087EH         PUBLIC        ?C?LLDCODE0
  -------         ENDMOD        ?C?LLDCODE0

  -------         MODULE        ?C?LSTXDATA
  C:088EH         PUBLIC        ?C?LSTXDATA
  -------         ENDMOD        ?C?LSTXDATA

  -------         MODULE        ?C?LSTKXDATA
  C:089AH         PUBLIC        ?C?LSTKXDATA
  -------         ENDMOD        ?C?LSTKXDATA

  -------         MODULE        ?C?PLDIXDATA
  C:08CBH         PUBLIC        ?C?PLDIXDATA
  -------         ENDMOD        ?C?PLDIXDATA

  -------         MODULE        ?C?PSTXDATA
  C:08E2H         PUBLIC        ?C?PSTXDATA
  -------         ENDMOD        ?C?PSTXDATA

  -------         MODULE        ?C?PLDOPTR
  C:08EBH         PUBLIC        ?C?PLDOPTR
  -------         ENDMOD        ?C?PLDOPTR

  -------         MODULE        ?C?PSTOPTR
  C:091BH         PUBLIC        ?C?PSTOPTR
  -------         ENDMOD        ?C?PSTOPTR

  -------         MODULE        ?C?CCASE
  C:0974H         PUBLIC        ?C?CCASE
  -------         ENDMOD        ?C?CCASE

  -------         MODULE        ?C?ICASE
  C:099AH         PUBLIC        ?C?ICASE
  -------         ENDMOD        ?C?ICASE

  -------         MODULE        ?C?ICALL
  C:09C7H         PUBLIC        ?C?ICALL
  C:09CBH         PUBLIC        ?C?ICALL2
  -------         ENDMOD        ?C?ICALL

  -------         MODULE        ISSPACE
  C:3DD5H         PUBLIC        _isspace
  -------         ENDMOD        ISSPACE

  -------         MODULE        ?C?PLDIDATA
BL51 BANKED LINKER/LOCATER V6.22                                                      04/24/2022  01:49:45  PAGE 29


  C:09CDH         PUBLIC        ?C?PLDIDATA
  -------         ENDMOD        ?C?PLDIDATA

  -------         MODULE        ?C?PSTIDATA
  C:09D6H         PUBLIC        ?C?PSTIDATA
  -------         ENDMOD        ?C?PSTIDATA

  -------         MODULE        ?C?PLDXDATA
  C:09DFH         PUBLIC        ?C?PLDXDATA
  -------         ENDMOD        ?C?PLDXDATA

  -------         MODULE        ?C?PLDPDATA
  C:09E8H         PUBLIC        ?C?PLDPDATA
  -------         ENDMOD        ?C?PLDPDATA

  -------         MODULE        ?C?PSTPDATA
  C:09F1H         PUBLIC        ?C?PSTPDATA
  -------         ENDMOD        ?C?PSTPDATA

  -------         MODULE        ?C?PLDCODE
  C:09FAH         PUBLIC        ?C?PLDCODE
  -------         ENDMOD        ?C?PLDCODE

Program Size: data=15.2 xdata=431 code=15950
LINK/LOCATE RUN COMPLETE.  0 WARNING(S),  0 ERROR(S)
